
R version 3.6.0 (2019-04-26) -- "Planting of a Tree"
Copyright (C) 2019 The R Foundation for Statistical Computing
Platform: x86_64-pc-linux-gnu (64-bit)

R is free software and comes with ABSOLUTELY NO WARRANTY.
You are welcome to redistribute it under certain conditions.
Type 'license()' or 'licence()' for distribution details.

  Natural language support but running in an English locale

R is a collaborative project with many contributors.
Type 'contributors()' for more information and
'citation()' on how to cite R or R packages in publications.

Type 'demo()' for some demos, 'help()' for on-line help, or
'help.start()' for an HTML browser interface to help.
Type 'q()' to quit R.

Registered S3 methods overwritten by 'ggplot2':
  method         from 
  [.quosures     rlang
  c.quosures     rlang
  print.quosures rlang
[Previously saved workspace restored]

> set.seed(1750905)
> library('gridExtra')
> 
> setwd('~')
> dir  = getwd()
> source(paste(dir,"/Hutch-Research/R_batch1/Simulation.R",sep=""))
[1] 0.32529809 0.28709074 0.08984585 0.16542088 0.21570672 0.11202587 0.25103370
$breaks
  [1] -0.82 -0.80 -0.78 -0.76 -0.74 -0.72 -0.70 -0.68 -0.66 -0.64 -0.62 -0.60
 [13] -0.58 -0.56 -0.54 -0.52 -0.50 -0.48 -0.46 -0.44 -0.42 -0.40 -0.38 -0.36
 [25] -0.34 -0.32 -0.30 -0.28 -0.26 -0.24 -0.22 -0.20 -0.18 -0.16 -0.14 -0.12
 [37] -0.10 -0.08 -0.06 -0.04 -0.02  0.00  0.02  0.04  0.06  0.08  0.10  0.12
 [49]  0.14  0.16  0.18  0.20  0.22  0.24  0.26  0.28  0.30  0.32  0.34  0.36
 [61]  0.38  0.40  0.42  0.44  0.46  0.48  0.50  0.52  0.54  0.56  0.58  0.60
 [73]  0.62  0.64  0.66  0.68  0.70  0.72  0.74  0.76  0.78  0.80  0.82  0.84
 [85]  0.86  0.88  0.90  0.92  0.94  0.96  0.98  1.00  1.02  1.04  1.06  1.08
 [97]  1.10  1.12  1.14  1.16  1.18  1.20  1.22  1.24  1.26  1.28  1.30  1.32
[109]  1.34  1.36  1.38  1.40  1.42  1.44  1.46  1.48  1.50  1.52  1.54  1.56
[121]  1.58

$counts
  [1]  1  0  0  0  0  0  0  0  0  0  0  0  0  0  0  0  0  0  0  0  1  0  1  2  3
 [26]  0  1  3  4  3  3  2  6  5  7 13  6 12 13 17 24 21 21 46 54 59 58 37 34 27
 [51] 20 16 24 21 21 18 10 15 23 18 19 13 13 14 16 15 19 18 18 21 22 24 22 18 19
 [76] 27  9 18 22 21 25 20 22 12 20  9  6  5  5  6  7  4  2  2  5  3  0  2  3  2
[101]  0  1  1  1  0  3  0  1  1  1  2  1  1  0  1  1  0  0  0  1

$density
  [1] 0.04118616 0.00000000 0.00000000 0.00000000 0.00000000 0.00000000
  [7] 0.00000000 0.00000000 0.00000000 0.00000000 0.00000000 0.00000000
 [13] 0.00000000 0.00000000 0.00000000 0.00000000 0.00000000 0.00000000
 [19] 0.00000000 0.00000000 0.04118616 0.00000000 0.04118616 0.08237232
 [25] 0.12355848 0.00000000 0.04118616 0.12355848 0.16474465 0.12355848
 [31] 0.12355848 0.08237232 0.24711697 0.20593081 0.28830313 0.53542010
 [37] 0.24711697 0.49423394 0.53542010 0.70016474 0.98846787 0.86490939
 [43] 0.86490939 1.89456343 2.22405272 2.42998353 2.38879736 1.52388797
 [49] 1.40032949 1.11202636 0.82372323 0.65897858 0.98846787 0.86490939
 [55] 0.86490939 0.74135091 0.41186161 0.61779242 0.94728171 0.74135091
 [61] 0.78253707 0.53542010 0.53542010 0.57660626 0.65897858 0.61779242
 [67] 0.78253707 0.74135091 0.74135091 0.86490939 0.90609555 0.98846787
 [73] 0.90609555 0.74135091 0.78253707 1.11202636 0.37067545 0.74135091
 [79] 0.90609555 0.86490939 1.02965404 0.82372323 0.90609555 0.49423394
 [85] 0.82372323 0.37067545 0.24711697 0.20593081 0.20593081 0.24711697
 [91] 0.28830313 0.16474465 0.08237232 0.08237232 0.20593081 0.12355848
 [97] 0.00000000 0.08237232 0.12355848 0.08237232 0.00000000 0.04118616
[103] 0.04118616 0.04118616 0.00000000 0.12355848 0.00000000 0.04118616
[109] 0.04118616 0.04118616 0.08237232 0.04118616 0.04118616 0.00000000
[115] 0.04118616 0.04118616 0.00000000 0.00000000 0.00000000 0.04118616

$mids
  [1] -0.81 -0.79 -0.77 -0.75 -0.73 -0.71 -0.69 -0.67 -0.65 -0.63 -0.61 -0.59
 [13] -0.57 -0.55 -0.53 -0.51 -0.49 -0.47 -0.45 -0.43 -0.41 -0.39 -0.37 -0.35
 [25] -0.33 -0.31 -0.29 -0.27 -0.25 -0.23 -0.21 -0.19 -0.17 -0.15 -0.13 -0.11
 [37] -0.09 -0.07 -0.05 -0.03 -0.01  0.01  0.03  0.05  0.07  0.09  0.11  0.13
 [49]  0.15  0.17  0.19  0.21  0.23  0.25  0.27  0.29  0.31  0.33  0.35  0.37
 [61]  0.39  0.41  0.43  0.45  0.47  0.49  0.51  0.53  0.55  0.57  0.59  0.61
 [73]  0.63  0.65  0.67  0.69  0.71  0.73  0.75  0.77  0.79  0.81  0.83  0.85
 [85]  0.87  0.89  0.91  0.93  0.95  0.97  0.99  1.01  1.03  1.05  1.07  1.09
 [97]  1.11  1.13  1.15  1.17  1.19  1.21  1.23  1.25  1.27  1.29  1.31  1.33
[109]  1.35  1.37  1.39  1.41  1.43  1.45  1.47  1.49  1.51  1.53  1.55  1.57

$xname
[1] "resi[, i]"

$equidist
[1] TRUE

attr(,"class")
[1] "histogram"
$breaks
 [1] -0.46 -0.44 -0.42 -0.40 -0.38 -0.36 -0.34 -0.32 -0.30 -0.28 -0.26 -0.24
[13] -0.22 -0.20 -0.18 -0.16 -0.14 -0.12 -0.10 -0.08 -0.06 -0.04 -0.02  0.00
[25]  0.02  0.04  0.06  0.08  0.10  0.12  0.14  0.16  0.18  0.20  0.22  0.24
[37]  0.26  0.28  0.30  0.32  0.34  0.36  0.38  0.40  0.42  0.44  0.46  0.48
[49]  0.50  0.52  0.54  0.56  0.58  0.60  0.62  0.64  0.66  0.68  0.70  0.72
[61]  0.74  0.76  0.78  0.80  0.82  0.84  0.86  0.88  0.90  0.92  0.94  0.96
[73]  0.98  1.00  1.02  1.04  1.06  1.08  1.10  1.12  1.14  1.16  1.18  1.20
[85]  1.22  1.24  1.26  1.28  1.30  1.32  1.34  1.36  1.38  1.40  1.42  1.44
[97]  1.46  1.48  1.50

$counts
 [1]  1  1  0  0  1  0  1  0  1  0  4  1  0  2  6  2  2  0  3  2  8  7 17 18 19
[26] 20 32 55 48 55 33 44 41 32 37 22 33 33 24 19 24 20 18 23 14 15 16 13 20 14
[51] 18 21 21 26 22 18 17 24 31 26 28 19 25 14 19  8  6  6  4  7  5  4  2  3  0
[76]  4  2  3  3  3  3  3  0  1  1  1  4  1  2  2  0  1  1  0  3  0  0  1

$density
 [1] 0.04118616 0.04118616 0.00000000 0.00000000 0.04118616 0.00000000
 [7] 0.04118616 0.00000000 0.04118616 0.00000000 0.16474465 0.04118616
[13] 0.00000000 0.08237232 0.24711697 0.08237232 0.08237232 0.00000000
[19] 0.12355848 0.08237232 0.32948929 0.28830313 0.70016474 0.74135091
[25] 0.78253707 0.82372323 1.31795717 2.26523888 1.97693575 2.26523888
[31] 1.35914333 1.81219110 1.68863262 1.31795717 1.52388797 0.90609555
[37] 1.35914333 1.35914333 0.98846787 0.78253707 0.98846787 0.82372323
[43] 0.74135091 0.94728171 0.57660626 0.61779242 0.65897858 0.53542010
[49] 0.82372323 0.57660626 0.74135091 0.86490939 0.86490939 1.07084020
[55] 0.90609555 0.74135091 0.70016474 0.98846787 1.27677100 1.07084020
[61] 1.15321252 0.78253707 1.02965404 0.57660626 0.78253707 0.32948929
[67] 0.24711697 0.24711697 0.16474465 0.28830313 0.20593081 0.16474465
[73] 0.08237232 0.12355848 0.00000000 0.16474465 0.08237232 0.12355848
[79] 0.12355848 0.12355848 0.12355848 0.12355848 0.00000000 0.04118616
[85] 0.04118616 0.04118616 0.16474465 0.04118616 0.08237232 0.08237232
[91] 0.00000000 0.04118616 0.04118616 0.00000000 0.12355848 0.00000000
[97] 0.00000000 0.04118616

$mids
 [1] -0.45 -0.43 -0.41 -0.39 -0.37 -0.35 -0.33 -0.31 -0.29 -0.27 -0.25 -0.23
[13] -0.21 -0.19 -0.17 -0.15 -0.13 -0.11 -0.09 -0.07 -0.05 -0.03 -0.01  0.01
[25]  0.03  0.05  0.07  0.09  0.11  0.13  0.15  0.17  0.19  0.21  0.23  0.25
[37]  0.27  0.29  0.31  0.33  0.35  0.37  0.39  0.41  0.43  0.45  0.47  0.49
[49]  0.51  0.53  0.55  0.57  0.59  0.61  0.63  0.65  0.67  0.69  0.71  0.73
[61]  0.75  0.77  0.79  0.81  0.83  0.85  0.87  0.89  0.91  0.93  0.95  0.97
[73]  0.99  1.01  1.03  1.05  1.07  1.09  1.11  1.13  1.15  1.17  1.19  1.21
[85]  1.23  1.25  1.27  1.29  1.31  1.33  1.35  1.37  1.39  1.41  1.43  1.45
[97]  1.47  1.49

$xname
[1] "resi[, i]"

$equidist
[1] TRUE

attr(,"class")
[1] "histogram"
$breaks
  [1] -0.58 -0.56 -0.54 -0.52 -0.50 -0.48 -0.46 -0.44 -0.42 -0.40 -0.38 -0.36
 [13] -0.34 -0.32 -0.30 -0.28 -0.26 -0.24 -0.22 -0.20 -0.18 -0.16 -0.14 -0.12
 [25] -0.10 -0.08 -0.06 -0.04 -0.02  0.00  0.02  0.04  0.06  0.08  0.10  0.12
 [37]  0.14  0.16  0.18  0.20  0.22  0.24  0.26  0.28  0.30  0.32  0.34  0.36
 [49]  0.38  0.40  0.42  0.44  0.46  0.48  0.50  0.52  0.54  0.56  0.58  0.60
 [61]  0.62  0.64  0.66  0.68  0.70  0.72  0.74  0.76  0.78  0.80  0.82  0.84
 [73]  0.86  0.88  0.90  0.92  0.94  0.96  0.98  1.00  1.02  1.04  1.06  1.08
 [85]  1.10  1.12  1.14  1.16  1.18  1.20  1.22  1.24  1.26  1.28  1.30  1.32
 [97]  1.34  1.36  1.38  1.40  1.42  1.44  1.46  1.48  1.50  1.52  1.54  1.56

$counts
  [1]  1  0  0  0  0  0  0  0  1  1  0  0  2  2  1  0  0  3  2  7  4  4  7 11  7
 [26] 17 10 15 23 30 22 31 51 55 55 46 46 31 36 26 27 18 14 23  8 13  9 16 12 14
 [51] 20 12 12  8 17 13 14 16 15 20 22 16 25 24 28 16 21 32 21 28 16 18 21  8  7
 [76]  9  3  7  3  1  3  2  1  1  5  1  1  4  4  1  4  3  1  0  0  1  1  3  1  1
[101]  1  0  0  0  0  0  1

$density
  [1] 0.04118616 0.00000000 0.00000000 0.00000000 0.00000000 0.00000000
  [7] 0.00000000 0.00000000 0.04118616 0.04118616 0.00000000 0.00000000
 [13] 0.08237232 0.08237232 0.04118616 0.00000000 0.00000000 0.12355848
 [19] 0.08237232 0.28830313 0.16474465 0.16474465 0.28830313 0.45304778
 [25] 0.28830313 0.70016474 0.41186161 0.61779242 0.94728171 1.23558484
 [31] 0.90609555 1.27677100 2.10049423 2.26523888 2.26523888 1.89456343
 [37] 1.89456343 1.27677100 1.48270181 1.07084020 1.11202636 0.74135091
 [43] 0.57660626 0.94728171 0.32948929 0.53542010 0.37067545 0.65897858
 [49] 0.49423394 0.57660626 0.82372323 0.49423394 0.49423394 0.32948929
 [55] 0.70016474 0.53542010 0.57660626 0.65897858 0.61779242 0.82372323
 [61] 0.90609555 0.65897858 1.02965404 0.98846787 1.15321252 0.65897858
 [67] 0.86490939 1.31795717 0.86490939 1.15321252 0.65897858 0.74135091
 [73] 0.86490939 0.32948929 0.28830313 0.37067545 0.12355848 0.28830313
 [79] 0.12355848 0.04118616 0.12355848 0.08237232 0.04118616 0.04118616
 [85] 0.20593081 0.04118616 0.04118616 0.16474465 0.16474465 0.04118616
 [91] 0.16474465 0.12355848 0.04118616 0.00000000 0.00000000 0.04118616
 [97] 0.04118616 0.12355848 0.04118616 0.04118616 0.04118616 0.00000000
[103] 0.00000000 0.00000000 0.00000000 0.00000000 0.04118616

$mids
  [1] -0.57 -0.55 -0.53 -0.51 -0.49 -0.47 -0.45 -0.43 -0.41 -0.39 -0.37 -0.35
 [13] -0.33 -0.31 -0.29 -0.27 -0.25 -0.23 -0.21 -0.19 -0.17 -0.15 -0.13 -0.11
 [25] -0.09 -0.07 -0.05 -0.03 -0.01  0.01  0.03  0.05  0.07  0.09  0.11  0.13
 [37]  0.15  0.17  0.19  0.21  0.23  0.25  0.27  0.29  0.31  0.33  0.35  0.37
 [49]  0.39  0.41  0.43  0.45  0.47  0.49  0.51  0.53  0.55  0.57  0.59  0.61
 [61]  0.63  0.65  0.67  0.69  0.71  0.73  0.75  0.77  0.79  0.81  0.83  0.85
 [73]  0.87  0.89  0.91  0.93  0.95  0.97  0.99  1.01  1.03  1.05  1.07  1.09
 [85]  1.11  1.13  1.15  1.17  1.19  1.21  1.23  1.25  1.27  1.29  1.31  1.33
 [97]  1.35  1.37  1.39  1.41  1.43  1.45  1.47  1.49  1.51  1.53  1.55

$xname
[1] "resi[, i]"

$equidist
[1] TRUE

attr(,"class")
[1] "histogram"
$breaks
  [1] -0.90 -0.88 -0.86 -0.84 -0.82 -0.80 -0.78 -0.76 -0.74 -0.72 -0.70 -0.68
 [13] -0.66 -0.64 -0.62 -0.60 -0.58 -0.56 -0.54 -0.52 -0.50 -0.48 -0.46 -0.44
 [25] -0.42 -0.40 -0.38 -0.36 -0.34 -0.32 -0.30 -0.28 -0.26 -0.24 -0.22 -0.20
 [37] -0.18 -0.16 -0.14 -0.12 -0.10 -0.08 -0.06 -0.04 -0.02  0.00  0.02  0.04
 [49]  0.06  0.08  0.10  0.12  0.14  0.16  0.18  0.20  0.22  0.24  0.26  0.28
 [61]  0.30  0.32  0.34  0.36  0.38  0.40  0.42  0.44  0.46  0.48  0.50  0.52
 [73]  0.54  0.56  0.58  0.60  0.62  0.64  0.66  0.68  0.70  0.72  0.74  0.76
 [85]  0.78  0.80  0.82  0.84  0.86  0.88  0.90  0.92  0.94  0.96  0.98  1.00
 [97]  1.02  1.04  1.06  1.08  1.10  1.12  1.14  1.16  1.18  1.20  1.22  1.24
[109]  1.26  1.28  1.30  1.32  1.34  1.36  1.38  1.40  1.42  1.44  1.46  1.48
[121]  1.50  1.52  1.54  1.56  1.58  1.60  1.62  1.64  1.66  1.68  1.70  1.72
[133]  1.74  1.76  1.78

$counts
  [1]  1  0  0  0  0  0  0  0  0  0  0  0  0  0  0  0  0  0  0  1  0  0  0  2  0
 [26]  2  3  0  3  4  3  3  3  1  5  3  7  6  5  6  8  8 11 18 20 14 18 30 41 46
 [51] 52 40 31 39 33 32 27 41 21 26 22 17 19 15 14 19 12 17 17 17  9 16 15 18 18
 [76] 18 20 12 29 20 16 22 20 21 17 23 17 17 10 17  9  1  7  6  1  1  5  2  3  3
[101]  4  3  2  0  1  3  2  2  1  3  1  3  0  2  0  0  3  1  1  2  1  0  1  0  1
[126]  0  0  0  0  0  0  0  0  1

$density
  [1] 0.04118616 0.00000000 0.00000000 0.00000000 0.00000000 0.00000000
  [7] 0.00000000 0.00000000 0.00000000 0.00000000 0.00000000 0.00000000
 [13] 0.00000000 0.00000000 0.00000000 0.00000000 0.00000000 0.00000000
 [19] 0.00000000 0.04118616 0.00000000 0.00000000 0.00000000 0.08237232
 [25] 0.00000000 0.08237232 0.12355848 0.00000000 0.12355848 0.16474465
 [31] 0.12355848 0.12355848 0.12355848 0.04118616 0.20593081 0.12355848
 [37] 0.28830313 0.24711697 0.20593081 0.24711697 0.32948929 0.32948929
 [43] 0.45304778 0.74135091 0.82372323 0.57660626 0.74135091 1.23558484
 [49] 1.68863262 1.89456343 2.14168040 1.64744646 1.27677100 1.60626030
 [55] 1.35914333 1.31795717 1.11202636 1.68863262 0.86490939 1.07084020
 [61] 0.90609555 0.70016474 0.78253707 0.61779242 0.57660626 0.78253707
 [67] 0.49423394 0.70016474 0.70016474 0.70016474 0.37067545 0.65897858
 [73] 0.61779242 0.74135091 0.74135091 0.74135091 0.82372323 0.49423394
 [79] 1.19439868 0.82372323 0.65897858 0.90609555 0.82372323 0.86490939
 [85] 0.70016474 0.94728171 0.70016474 0.70016474 0.41186161 0.70016474
 [91] 0.37067545 0.04118616 0.28830313 0.24711697 0.04118616 0.04118616
 [97] 0.20593081 0.08237232 0.12355848 0.12355848 0.16474465 0.12355848
[103] 0.08237232 0.00000000 0.04118616 0.12355848 0.08237232 0.08237232
[109] 0.04118616 0.12355848 0.04118616 0.12355848 0.00000000 0.08237232
[115] 0.00000000 0.00000000 0.12355848 0.04118616 0.04118616 0.08237232
[121] 0.04118616 0.00000000 0.04118616 0.00000000 0.04118616 0.00000000
[127] 0.00000000 0.00000000 0.00000000 0.00000000 0.00000000 0.00000000
[133] 0.00000000 0.04118616

$mids
  [1] -0.89 -0.87 -0.85 -0.83 -0.81 -0.79 -0.77 -0.75 -0.73 -0.71 -0.69 -0.67
 [13] -0.65 -0.63 -0.61 -0.59 -0.57 -0.55 -0.53 -0.51 -0.49 -0.47 -0.45 -0.43
 [25] -0.41 -0.39 -0.37 -0.35 -0.33 -0.31 -0.29 -0.27 -0.25 -0.23 -0.21 -0.19
 [37] -0.17 -0.15 -0.13 -0.11 -0.09 -0.07 -0.05 -0.03 -0.01  0.01  0.03  0.05
 [49]  0.07  0.09  0.11  0.13  0.15  0.17  0.19  0.21  0.23  0.25  0.27  0.29
 [61]  0.31  0.33  0.35  0.37  0.39  0.41  0.43  0.45  0.47  0.49  0.51  0.53
 [73]  0.55  0.57  0.59  0.61  0.63  0.65  0.67  0.69  0.71  0.73  0.75  0.77
 [85]  0.79  0.81  0.83  0.85  0.87  0.89  0.91  0.93  0.95  0.97  0.99  1.01
 [97]  1.03  1.05  1.07  1.09  1.11  1.13  1.15  1.17  1.19  1.21  1.23  1.25
[109]  1.27  1.29  1.31  1.33  1.35  1.37  1.39  1.41  1.43  1.45  1.47  1.49
[121]  1.51  1.53  1.55  1.57  1.59  1.61  1.63  1.65  1.67  1.69  1.71  1.73
[133]  1.75  1.77

$xname
[1] "resi[, i]"

$equidist
[1] TRUE

attr(,"class")
[1] "histogram"
$breaks
  [1] -0.68 -0.66 -0.64 -0.62 -0.60 -0.58 -0.56 -0.54 -0.52 -0.50 -0.48 -0.46
 [13] -0.44 -0.42 -0.40 -0.38 -0.36 -0.34 -0.32 -0.30 -0.28 -0.26 -0.24 -0.22
 [25] -0.20 -0.18 -0.16 -0.14 -0.12 -0.10 -0.08 -0.06 -0.04 -0.02  0.00  0.02
 [37]  0.04  0.06  0.08  0.10  0.12  0.14  0.16  0.18  0.20  0.22  0.24  0.26
 [49]  0.28  0.30  0.32  0.34  0.36  0.38  0.40  0.42  0.44  0.46  0.48  0.50
 [61]  0.52  0.54  0.56  0.58  0.60  0.62  0.64  0.66  0.68  0.70  0.72  0.74
 [73]  0.76  0.78  0.80  0.82  0.84  0.86  0.88  0.90  0.92  0.94  0.96  0.98
 [85]  1.00  1.02  1.04  1.06  1.08  1.10  1.12  1.14  1.16  1.18  1.20  1.22
 [97]  1.24  1.26  1.28  1.30  1.32  1.34  1.36  1.38  1.40  1.42  1.44  1.46
[109]  1.48  1.50  1.52  1.54  1.56  1.58  1.60

$counts
  [1]  1  0  0  0  0  0  0  0  0  0  0  0  0  0  0  1  0  1  4  1  1  0  2  4  4
 [26]  2  1  3  4  5  8 10 14 18 17 31 22 48 61 56 46 51 37 33 26 30 17 20 21 20
 [51] 21 14 10 19 21 14 19 16  7 19 18 19 19 24 29 21 17 26 22 19 26 15 28 16 23
 [76] 20  8 16  6  7  3  6  4  4  2  1  3  3  2  0  4  2  1  5  1  3  1  1  1  0
[101]  1  0  2  1  0  3  0  0  0  0  0  0  0  1

$density
  [1] 0.04118616 0.00000000 0.00000000 0.00000000 0.00000000 0.00000000
  [7] 0.00000000 0.00000000 0.00000000 0.00000000 0.00000000 0.00000000
 [13] 0.00000000 0.00000000 0.00000000 0.04118616 0.00000000 0.04118616
 [19] 0.16474465 0.04118616 0.04118616 0.00000000 0.08237232 0.16474465
 [25] 0.16474465 0.08237232 0.04118616 0.12355848 0.16474465 0.20593081
 [31] 0.32948929 0.41186161 0.57660626 0.74135091 0.70016474 1.27677100
 [37] 0.90609555 1.97693575 2.51235585 2.30642504 1.89456343 2.10049423
 [43] 1.52388797 1.35914333 1.07084020 1.23558484 0.70016474 0.82372323
 [49] 0.86490939 0.82372323 0.86490939 0.57660626 0.41186161 0.78253707
 [55] 0.86490939 0.57660626 0.78253707 0.65897858 0.28830313 0.78253707
 [61] 0.74135091 0.78253707 0.78253707 0.98846787 1.19439868 0.86490939
 [67] 0.70016474 1.07084020 0.90609555 0.78253707 1.07084020 0.61779242
 [73] 1.15321252 0.65897858 0.94728171 0.82372323 0.32948929 0.65897858
 [79] 0.24711697 0.28830313 0.12355848 0.24711697 0.16474465 0.16474465
 [85] 0.08237232 0.04118616 0.12355848 0.12355848 0.08237232 0.00000000
 [91] 0.16474465 0.08237232 0.04118616 0.20593081 0.04118616 0.12355848
 [97] 0.04118616 0.04118616 0.04118616 0.00000000 0.04118616 0.00000000
[103] 0.08237232 0.04118616 0.00000000 0.12355848 0.00000000 0.00000000
[109] 0.00000000 0.00000000 0.00000000 0.00000000 0.00000000 0.04118616

$mids
  [1] -0.67 -0.65 -0.63 -0.61 -0.59 -0.57 -0.55 -0.53 -0.51 -0.49 -0.47 -0.45
 [13] -0.43 -0.41 -0.39 -0.37 -0.35 -0.33 -0.31 -0.29 -0.27 -0.25 -0.23 -0.21
 [25] -0.19 -0.17 -0.15 -0.13 -0.11 -0.09 -0.07 -0.05 -0.03 -0.01  0.01  0.03
 [37]  0.05  0.07  0.09  0.11  0.13  0.15  0.17  0.19  0.21  0.23  0.25  0.27
 [49]  0.29  0.31  0.33  0.35  0.37  0.39  0.41  0.43  0.45  0.47  0.49  0.51
 [61]  0.53  0.55  0.57  0.59  0.61  0.63  0.65  0.67  0.69  0.71  0.73  0.75
 [73]  0.77  0.79  0.81  0.83  0.85  0.87  0.89  0.91  0.93  0.95  0.97  0.99
 [85]  1.01  1.03  1.05  1.07  1.09  1.11  1.13  1.15  1.17  1.19  1.21  1.23
 [97]  1.25  1.27  1.29  1.31  1.33  1.35  1.37  1.39  1.41  1.43  1.45  1.47
[109]  1.49  1.51  1.53  1.55  1.57  1.59

$xname
[1] "resi[, i]"

$equidist
[1] TRUE

attr(,"class")
[1] "histogram"
$breaks
  [1] -0.64 -0.62 -0.60 -0.58 -0.56 -0.54 -0.52 -0.50 -0.48 -0.46 -0.44 -0.42
 [13] -0.40 -0.38 -0.36 -0.34 -0.32 -0.30 -0.28 -0.26 -0.24 -0.22 -0.20 -0.18
 [25] -0.16 -0.14 -0.12 -0.10 -0.08 -0.06 -0.04 -0.02  0.00  0.02  0.04  0.06
 [37]  0.08  0.10  0.12  0.14  0.16  0.18  0.20  0.22  0.24  0.26  0.28  0.30
 [49]  0.32  0.34  0.36  0.38  0.40  0.42  0.44  0.46  0.48  0.50  0.52  0.54
 [61]  0.56  0.58  0.60  0.62  0.64  0.66  0.68  0.70  0.72  0.74  0.76  0.78
 [73]  0.80  0.82  0.84  0.86  0.88  0.90  0.92  0.94  0.96  0.98  1.00  1.02
 [85]  1.04  1.06  1.08  1.10  1.12  1.14  1.16  1.18  1.20  1.22  1.24  1.26
 [97]  1.28  1.30  1.32  1.34  1.36  1.38  1.40  1.42  1.44  1.46  1.48  1.50
[109]  1.52  1.54  1.56  1.58

$counts
  [1]  1  0  0  0  0  0  0  0  0  0  0  0  0  1  0  1  3  1  0  2  2  3  5  2  2
 [26]  2  3  4  7 13 14 13 24 22 28 55 51 52 54 46 37 37 28 22 26 24 23 18 15 11
 [51] 20 14 24 15 15 12 21  9 14 22 23 14 30 24 19 27 17 16 23 27 22 18 22 19 14
 [76]  9 10  6  5  4  4  5  3  2  1  3  3  2  0  2  4  1  1  5  0  2  1  0  0  2
[101]  1  2  1  1  0  0  0  0  0  0  1

$density
  [1] 0.04118616 0.00000000 0.00000000 0.00000000 0.00000000 0.00000000
  [7] 0.00000000 0.00000000 0.00000000 0.00000000 0.00000000 0.00000000
 [13] 0.00000000 0.04118616 0.00000000 0.04118616 0.12355848 0.04118616
 [19] 0.00000000 0.08237232 0.08237232 0.12355848 0.20593081 0.08237232
 [25] 0.08237232 0.08237232 0.12355848 0.16474465 0.28830313 0.53542010
 [31] 0.57660626 0.53542010 0.98846787 0.90609555 1.15321252 2.26523888
 [37] 2.10049423 2.14168040 2.22405272 1.89456343 1.52388797 1.52388797
 [43] 1.15321252 0.90609555 1.07084020 0.98846787 0.94728171 0.74135091
 [49] 0.61779242 0.45304778 0.82372323 0.57660626 0.98846787 0.61779242
 [55] 0.61779242 0.49423394 0.86490939 0.37067545 0.57660626 0.90609555
 [61] 0.94728171 0.57660626 1.23558484 0.98846787 0.78253707 1.11202636
 [67] 0.70016474 0.65897858 0.94728171 1.11202636 0.90609555 0.74135091
 [73] 0.90609555 0.78253707 0.57660626 0.37067545 0.41186161 0.24711697
 [79] 0.20593081 0.16474465 0.16474465 0.20593081 0.12355848 0.08237232
 [85] 0.04118616 0.12355848 0.12355848 0.08237232 0.00000000 0.08237232
 [91] 0.16474465 0.04118616 0.04118616 0.20593081 0.00000000 0.08237232
 [97] 0.04118616 0.00000000 0.00000000 0.08237232 0.04118616 0.08237232
[103] 0.04118616 0.04118616 0.00000000 0.00000000 0.00000000 0.00000000
[109] 0.00000000 0.00000000 0.04118616

$mids
  [1] -0.63 -0.61 -0.59 -0.57 -0.55 -0.53 -0.51 -0.49 -0.47 -0.45 -0.43 -0.41
 [13] -0.39 -0.37 -0.35 -0.33 -0.31 -0.29 -0.27 -0.25 -0.23 -0.21 -0.19 -0.17
 [25] -0.15 -0.13 -0.11 -0.09 -0.07 -0.05 -0.03 -0.01  0.01  0.03  0.05  0.07
 [37]  0.09  0.11  0.13  0.15  0.17  0.19  0.21  0.23  0.25  0.27  0.29  0.31
 [49]  0.33  0.35  0.37  0.39  0.41  0.43  0.45  0.47  0.49  0.51  0.53  0.55
 [61]  0.57  0.59  0.61  0.63  0.65  0.67  0.69  0.71  0.73  0.75  0.77  0.79
 [73]  0.81  0.83  0.85  0.87  0.89  0.91  0.93  0.95  0.97  0.99  1.01  1.03
 [85]  1.05  1.07  1.09  1.11  1.13  1.15  1.17  1.19  1.21  1.23  1.25  1.27
 [97]  1.29  1.31  1.33  1.35  1.37  1.39  1.41  1.43  1.45  1.47  1.49  1.51
[109]  1.53  1.55  1.57

$xname
[1] "resi[, i]"

$equidist
[1] TRUE

attr(,"class")
[1] "histogram"
$breaks
  [1] -0.58 -0.56 -0.54 -0.52 -0.50 -0.48 -0.46 -0.44 -0.42 -0.40 -0.38 -0.36
 [13] -0.34 -0.32 -0.30 -0.28 -0.26 -0.24 -0.22 -0.20 -0.18 -0.16 -0.14 -0.12
 [25] -0.10 -0.08 -0.06 -0.04 -0.02  0.00  0.02  0.04  0.06  0.08  0.10  0.12
 [37]  0.14  0.16  0.18  0.20  0.22  0.24  0.26  0.28  0.30  0.32  0.34  0.36
 [49]  0.38  0.40  0.42  0.44  0.46  0.48  0.50  0.52  0.54  0.56  0.58  0.60
 [61]  0.62  0.64  0.66  0.68  0.70  0.72  0.74  0.76  0.78  0.80  0.82  0.84
 [73]  0.86  0.88  0.90  0.92  0.94  0.96  0.98  1.00  1.02  1.04  1.06  1.08
 [85]  1.10  1.12  1.14  1.16  1.18  1.20  1.22  1.24  1.26  1.28  1.30  1.32
 [97]  1.34  1.36  1.38  1.40  1.42  1.44  1.46  1.48  1.50  1.52  1.54  1.56
[109]  1.58  1.60  1.62

$counts
  [1]  1  0  0  0  0  0  0  0  1  2  0  1  1  0  2  1  4  3  1  2  4  6  1  3  2
 [26]  6  4  7 18 24 31 37 47 54 43 54 39 29 35 32 31 17 15 21 16 16 13 14 18 17
 [51] 21 17 16 17 21 15 11 22 20 19 27 29 32 21 33 17 29 11 18 25 16 13 17  8  8
 [76]  5  5  5  3  2  3  2  4  4  4  1  2  2  0  1  0  2  0  3  2  1  1  0  1  1
[101]  0  1  0  0  1  1  0  0  0  1

$density
  [1] 0.04118616 0.00000000 0.00000000 0.00000000 0.00000000 0.00000000
  [7] 0.00000000 0.00000000 0.04118616 0.08237232 0.00000000 0.04118616
 [13] 0.04118616 0.00000000 0.08237232 0.04118616 0.16474465 0.12355848
 [19] 0.04118616 0.08237232 0.16474465 0.24711697 0.04118616 0.12355848
 [25] 0.08237232 0.24711697 0.16474465 0.28830313 0.74135091 0.98846787
 [31] 1.27677100 1.52388797 1.93574959 2.22405272 1.77100494 2.22405272
 [37] 1.60626030 1.19439868 1.44151565 1.31795717 1.27677100 0.70016474
 [43] 0.61779242 0.86490939 0.65897858 0.65897858 0.53542010 0.57660626
 [49] 0.74135091 0.70016474 0.86490939 0.70016474 0.65897858 0.70016474
 [55] 0.86490939 0.61779242 0.45304778 0.90609555 0.82372323 0.78253707
 [61] 1.11202636 1.19439868 1.31795717 0.86490939 1.35914333 0.70016474
 [67] 1.19439868 0.45304778 0.74135091 1.02965404 0.65897858 0.53542010
 [73] 0.70016474 0.32948929 0.32948929 0.20593081 0.20593081 0.20593081
 [79] 0.12355848 0.08237232 0.12355848 0.08237232 0.16474465 0.16474465
 [85] 0.16474465 0.04118616 0.08237232 0.08237232 0.00000000 0.04118616
 [91] 0.00000000 0.08237232 0.00000000 0.12355848 0.08237232 0.04118616
 [97] 0.04118616 0.00000000 0.04118616 0.04118616 0.00000000 0.04118616
[103] 0.00000000 0.00000000 0.04118616 0.04118616 0.00000000 0.00000000
[109] 0.00000000 0.04118616

$mids
  [1] -0.57 -0.55 -0.53 -0.51 -0.49 -0.47 -0.45 -0.43 -0.41 -0.39 -0.37 -0.35
 [13] -0.33 -0.31 -0.29 -0.27 -0.25 -0.23 -0.21 -0.19 -0.17 -0.15 -0.13 -0.11
 [25] -0.09 -0.07 -0.05 -0.03 -0.01  0.01  0.03  0.05  0.07  0.09  0.11  0.13
 [37]  0.15  0.17  0.19  0.21  0.23  0.25  0.27  0.29  0.31  0.33  0.35  0.37
 [49]  0.39  0.41  0.43  0.45  0.47  0.49  0.51  0.53  0.55  0.57  0.59  0.61
 [61]  0.63  0.65  0.67  0.69  0.71  0.73  0.75  0.77  0.79  0.81  0.83  0.85
 [73]  0.87  0.89  0.91  0.93  0.95  0.97  0.99  1.01  1.03  1.05  1.07  1.09
 [85]  1.11  1.13  1.15  1.17  1.19  1.21  1.23  1.25  1.27  1.29  1.31  1.33
 [97]  1.35  1.37  1.39  1.41  1.43  1.45  1.47  1.49  1.51  1.53  1.55  1.57
[109]  1.59  1.61

$xname
[1] "resi[, i]"

$equidist
[1] TRUE

attr(,"class")
[1] "histogram"
[1] 946   7
[1] 946   7
                CD4T      CD8T  Monocyte         B        NK Neutrophil
CD4T       1.0000000 0.9641264 0.7415079 0.7681085 0.8248171  0.7495702
CD8T       0.9641264 1.0000000 0.7304693 0.8056513 0.9182135  0.7278369
Monocyte   0.7415079 0.7304693 1.0000000 0.7286917 0.6962757  0.8666142
B          0.7681085 0.8056513 0.7286917 1.0000000 0.7673363  0.6777908
NK         0.8248171 0.9182135 0.6962757 0.7673363 1.0000000  0.6695258
Neutrophil 0.7495702 0.7278369 0.8666142 0.6777908 0.6695258  1.0000000
Treg       0.9674313 0.9475735 0.8034371 0.7642448 0.8320878  0.8306454
                Treg
CD4T       0.9674313
CD8T       0.9475735
Monocyte   0.8034371
B          0.7642448
NK         0.8320878
Neutrophil 0.8306454
Treg       1.0000000
> setwd(paste(dir,"/Hutch-Research/R_batch1",sep=""))
> source('_lib.R')
> 
> simsize  = 10
> simnoise = 10      #(1,2,3,4,5,10)
> simpi = 0.1       #(0.01,0.1,0.5,0.9)
> alpha = rep(1/7,7)
> penalty = 1000
> #penalty= (dim(mu)[1])*(10^seq(-2,1,0.2)) 
> cellnum = 100 
> #true.sigma = c(simnoise*0.05,0.05)
> reptime = 2      #1:100
> methods = c("WeightEM","HeteroEM","OriEM","svr","ls","rls","qp")
> res.err = array(data = NA, dim = c(length(cellTypes),length(methods),reptime),
+             dimnames = list(cellTypes,methods,1:reptime))
> #res.sigma = matrix(NA, nrow = reptime, ncol = 2)
> res.pi    = rep(-1,reptime)
> res.rho   = array(data = NA, dim = c(simsize,length(cellTypes),length(methods)+1),
+                     dimnames = list(1:simsize,cellTypes,c(methods,"true")))
> res.nu0   = rep(-2,reptime)
> res.iter  = rep(0,reptime)
> res.confu = matrix(NA, nrow = reptime, ncol = 4)
> res.pi.het    = rep(-1,reptime)
> res.rho.het   = array(data = NA, dim = c(simsize,length(cellTypes),length(methods)+1),
+                   dimnames = list(1:simsize,cellTypes,c(methods,"true")))
> res.nu0.het   = rep(-2,reptime)
> res.iter.het  = rep(0,reptime)
> res.confu.het = matrix(NA, nrow = reptime, ncol = 4)
> 
> colnames(res.confu) = c("tt","tf","ft","ff")
> 
> for(i in 1:reptime){{
+   cat("-------------------\n")
+   cat(i, date(), "\n") 
+ result        = runsim(simsize,simnoise,simpi,aber = TRUE,reptime,penalty = penalty,cellnum)
+ true          = result$true
+ res.rho       = result$rho
+ res.err[,,i]  = result$err
+ #res.sigma[i,] = result$sigma
+ res.pi[i]     = result$pi
+ res.nu0[i]   = cor(result$nu0, true$nu0)
+ res.iter[i]   = result$iter
+ res.idic      = result$gamma>0.5
+ 
+ temp   = true$idic
+ temp_t = which(temp == TRUE)
+ temp_f = which(temp == FALSE)
+ total  = length(temp)
+ 
+ res.confu[i,1] = mean(res.idic[temp_t] == TRUE)
+ res.confu[i,2] = mean(res.idic[temp_t] == FALSE)
+ res.confu[i,3] = mean(res.idic[temp_f] == TRUE)
+ res.confu[i,4] = mean(res.idic[temp_f] == FALSE)
+ 
+ res.pi.het[i]     = result$pi_het
+ res.nu0.het[i]   = cor(result$nu0_het, true$nu0)
+ res.iter.het[i]   = result$iter_het
+ res.idic.het      = result$gamma_het>0.5
+ 
+ res.confu.het[i,1] = mean(res.idic.het[temp_t] == TRUE)
+ res.confu.het[i,2] = mean(res.idic.het[temp_t] == FALSE)
+ res.confu.het[i,3] = mean(res.idic.het[temp_f] == TRUE)
+ res.confu.het[i,4] = mean(res.idic.het[temp_f] == FALSE)
+ 
+ }}
-------------------
1 Mon Sep 23 16:41:33 2019 
[1] "Millions of cells generated"
[1] 1
Error in mu %*% t(rho) : non-conformable arguments
Calls: runsim -> deconvEM_CV -> deconvEM
Execution halted
